1778813277.369023 client started (87963): version 3.6a, socket /private/tmp/tmux-501/default, protocol 8
1778813277.369063 on Darwin 25.3.0 Darwin Kernel Version 25.3.0: Wed Jan 28 20:56:35 PST 2026; root:xnu-12377.91.3~2/RELEASE_ARM64_T6030
1778813277.369068 using libevent 2.1.12-stable select
1778813277.369334 using utf8proc 2.11.3
1778813277.369349 using ncurses 6.5 20240427
1778813277.369360 flags are 0x10010000
1778813277.369363 socket is /private/tmp/tmux-501/default
1778813277.369370 trying connect
1778813277.369393 add peer 0x104c01df0: 6 (0x0)
1778813277.371525 sending message 111 to peer 0x104c01df0 (8 bytes)
1778813277.371532 sending message 111 to peer 0x104c01df0 (8 bytes)
1778813277.371536 sending message 101 to peer 0x104c01df0 (14 bytes)
1778813277.371539 sending message 109 to peer 0x104c01df0 (4 bytes)
1778813277.371541 sending message 102 to peer 0x104c01df0 (13 bytes)
1778813277.371544 sending message 108 to peer 0x104c01df0 (34 bytes)
1778813277.371548 sending message 112 to peer 0x104c01df0 (70 bytes)
1778813277.371552 sending message 112 to peer 0x104c01df0 (5 bytes)
1778813277.371554 sending message 112 to peer 0x104c01df0 (5 bytes)
1778813277.371557 sending message 112 to peer 0x104c01df0 (6 bytes)
1778813277.371560 sending message 112 to peer 0x104c01df0 (6 bytes)
1778813277.371562 sending message 112 to peer 0x104c01df0 (11 bytes)
1778813277.371565 sending message 112 to peer 0x104c01df0 (10 bytes)
1778813277.371567 sending message 112 to peer 0x104c01df0 (13 bytes)
1778813277.371570 sending message 112 to peer 0x104c01df0 (13 bytes)
1778813277.371573 sending message 112 to peer 0x104c01df0 (18 bytes)
1778813277.371575 sending message 112 to peer 0x104c01df0 (11 bytes)
1778813277.371578 sending message 112 to peer 0x104c01df0 (10 bytes)
1778813277.371581 sending message 112 to peer 0x104c01df0 (15 bytes)
1778813277.371584 sending message 112 to peer 0x104c01df0 (21 bytes)
1778813277.371587 sending message 112 to peer 0x104c01df0 (13 bytes)
1778813277.371589 sending message 112 to peer 0x104c01df0 (7 bytes)
1778813277.371592 sending message 112 to peer 0x104c01df0 (13 bytes)
1778813277.371594 sending message 112 to peer 0x104c01df0 (7 bytes)
1778813277.371597 sending message 112 to peer 0x104c01df0 (13 bytes)
1778813277.371599 sending message 112 to peer 0x104c01df0 (9 bytes)
1778813277.371602 sending message 112 to peer 0x104c01df0 (21 bytes)
1778813277.371604 sending message 112 to peer 0x104c01df0 (13 bytes)
1778813277.371607 sending message 112 to peer 0x104c01df0 (8 bytes)
1778813277.371609 sending message 112 to peer 0x104c01df0 (12 bytes)
1778813277.371612 sending message 112 to peer 0x104c01df0 (13 bytes)
1778813277.371614 sending message 112 to peer 0x104c01df0 (9 bytes)
1778813277.371616 sending message 112 to peer 0x104c01df0 (9 bytes)
1778813277.371619 sending message 112 to peer 0x104c01df0 (12 bytes)
1778813277.371621 sending message 112 to peer 0x104c01df0 (8 bytes)
1778813277.371624 sending message 112 to peer 0x104c01df0 (8 bytes)
1778813277.371626 sending message 112 to peer 0x104c01df0 (7 bytes)
1778813277.371629 sending message 112 to peer 0x104c01df0 (7 bytes)
1778813277.371631 sending message 112 to peer 0x104c01df0 (9 bytes)
1778813277.371634 sending message 112 to peer 0x104c01df0 (13 bytes)
1778813277.371636 sending message 112 to peer 0x104c01df0 (6 bytes)
1778813277.371638 sending message 112 to peer 0x104c01df0 (9 bytes)
1778813277.371641 sending message 112 to peer 0x104c01df0 (15 bytes)
1778813277.371643 sending message 112 to peer 0x104c01df0 (13 bytes)
1778813277.371646 sending message 112 to peer 0x104c01df0 (12 bytes)
1778813277.371648 sending message 112 to peer 0x104c01df0 (8 bytes)
1778813277.371651 sending message 112 to peer 0x104c01df0 (14 bytes)
1778813277.371653 sending message 112 to peer 0x104c01df0 (11 bytes)
1778813277.371656 sending message 112 to peer 0x104c01df0 (9 bytes)
1778813277.371658 sending message 112 to peer 0x104c01df0 (10 bytes)
1778813277.371660 sending message 112 to peer 0x104c01df0 (10 bytes)
1778813277.371663 sending message 112 to peer 0x104c01df0 (10 bytes)
1778813277.371670 sending message 112 to peer 0x104c01df0 (10 bytes)
1778813277.371672 sending message 112 to peer 0x104c01df0 (11 bytes)
1778813277.371674 sending message 112 to peer 0x104c01df0 (12 bytes)
1778813277.371676 sending message 112 to peer 0x104c01df0 (12 bytes)
1778813277.371678 sending message 112 to peer 0x104c01df0 (12 bytes)
1778813277.371680 sending message 112 to peer 0x104c01df0 (12 bytes)
1778813277.371682 sending message 112 to peer 0x104c01df0 (12 bytes)
1778813277.371684 sending message 112 to peer 0x104c01df0 (11 bytes)
1778813277.371686 sending message 112 to peer 0x104c01df0 (11 bytes)
1778813277.371688 sending message 112 to peer 0x104c01df0 (12 bytes)
1778813277.371689 sending message 112 to peer 0x104c01df0 (12 bytes)
1778813277.371691 sending message 112 to peer 0x104c01df0 (12 bytes)
1778813277.371693 sending message 112 to peer 0x104c01df0 (12 bytes)
1778813277.371695 sending message 112 to peer 0x104c01df0 (12 bytes)
1778813277.371697 sending message 112 to peer 0x104c01df0 (10 bytes)
1778813277.371699 sending message 112 to peer 0x104c01df0 (12 bytes)
1778813277.371702 sending message 112 to peer 0x104c01df0 (13 bytes)
1778813277.371704 sending message 112 to peer 0x104c01df0 (13 bytes)
1778813277.371706 sending message 112 to peer 0x104c01df0 (13 bytes)
1778813277.371708 sending message 112 to peer 0x104c01df0 (13 bytes)
1778813277.371709 sending message 112 to peer 0x104c01df0 (13 bytes)
1778813277.371711 sending message 112 to peer 0x104c01df0 (8 bytes)
1778813277.371713 sending message 112 to peer 0x104c01df0 (11 bytes)
1778813277.371715 sending message 112 to peer 0x104c01df0 (11 bytes)
1778813277.371717 sending message 112 to peer 0x104c01df0 (11 bytes)
1778813277.371719 sending message 112 to peer 0x104c01df0 (12 bytes)
1778813277.371720 sending message 112 to peer 0x104c01df0 (12 bytes)
1778813277.371722 sending message 112 to peer 0x104c01df0 (12 bytes)
1778813277.371724 sending message 112 to peer 0x104c01df0 (12 bytes)
1778813277.371726 sending message 112 to peer 0x104c01df0 (13 bytes)
1778813277.371728 sending message 112 to peer 0x104c01df0 (13 bytes)
1778813277.371729 sending message 112 to peer 0x104c01df0 (13 bytes)
1778813277.371731 sending message 112 to peer 0x104c01df0 (8 bytes)
1778813277.371733 sending message 112 to peer 0x104c01df0 (13 bytes)
1778813277.371735 sending message 112 to peer 0x104c01df0 (13 bytes)
1778813277.371737 sending message 112 to peer 0x104c01df0 (13 bytes)
1778813277.371739 sending message 112 to peer 0x104c01df0 (13 bytes)
1778813277.371740 sending message 112 to peer 0x104c01df0 (13 bytes)
1778813277.371742 sending message 112 to peer 0x104c01df0 (12 bytes)
1778813277.371744 sending message 112 to peer 0x104c01df0 (12 bytes)
1778813277.371746 sending message 112 to peer 0x104c01df0 (12 bytes)
1778813277.371748 sending message 112 to peer 0x104c01df0 (12 bytes)
1778813277.371750 sending message 112 to peer 0x104c01df0 (13 bytes)
1778813277.371752 sending message 112 to peer 0x104c01df0 (8 bytes)
1778813277.371753 sending message 112 to peer 0x104c01df0 (13 bytes)
1778813277.371755 sending message 112 to peer 0x104c01df0 (13 bytes)
1778813277.371757 sending message 112 to peer 0x104c01df0 (13 bytes)
1778813277.371759 sending message 112 to peer 0x104c01df0 (13 bytes)
1778813277.371761 sending message 112 to peer 0x104c01df0 (13 bytes)
1778813277.371762 sending message 112 to peer 0x104c01df0 (13 bytes)
1778813277.371764 sending message 112 to peer 0x104c01df0 (13 bytes)
1778813277.371766 sending message 112 to peer 0x104c01df0 (12 bytes)
1778813277.371768 sending message 112 to peer 0x104c01df0 (12 bytes)
1778813277.371770 sending message 112 to peer 0x104c01df0 (12 bytes)
1778813277.371772 sending message 112 to peer 0x104c01df0 (8 bytes)
1778813277.371773 sending message 112 to peer 0x104c01df0 (12 bytes)
1778813277.371775 sending message 112 to peer 0x104c01df0 (13 bytes)
1778813277.371777 sending message 112 to peer 0x104c01df0 (13 bytes)
1778813277.371779 sending message 112 to peer 0x104c01df0 (13 bytes)
1778813277.371781 sending message 112 to peer 0x104c01df0 (13 bytes)
1778813277.371786 sending message 112 to peer 0x104c01df0 (13 bytes)
1778813277.371788 sending message 112 to peer 0x104c01df0 (13 bytes)
1778813277.371790 sending message 112 to peer 0x104c01df0 (13 bytes)
1778813277.371792 sending message 112 to peer 0x104c01df0 (13 bytes)
1778813277.371794 sending message 112 to peer 0x104c01df0 (12 bytes)
1778813277.371796 sending message 112 to peer 0x104c01df0 (10 bytes)
1778813277.371797 sending message 112 to peer 0x104c01df0 (12 bytes)
1778813277.371799 sending message 112 to peer 0x104c01df0 (12 bytes)
1778813277.371801 sending message 112 to peer 0x104c01df0 (12 bytes)
1778813277.371803 sending message 112 to peer 0x104c01df0 (13 bytes)
1778813277.371805 sending message 112 to peer 0x104c01df0 (13 bytes)
1778813277.371806 sending message 112 to peer 0x104c01df0 (13 bytes)
1778813277.371808 sending message 112 to peer 0x104c01df0 (13 bytes)
1778813277.371810 sending message 112 to peer 0x104c01df0 (13 bytes)
1778813277.371812 sending message 112 to peer 0x104c01df0 (13 bytes)
1778813277.371814 sending message 112 to peer 0x104c01df0 (13 bytes)
1778813277.371815 sending message 112 to peer 0x104c01df0 (10 bytes)
1778813277.371817 sending message 112 to peer 0x104c01df0 (13 bytes)
1778813277.371819 sending message 112 to peer 0x104c01df0 (12 bytes)
1778813277.371821 sending message 112 to peer 0x104c01df0 (12 bytes)
1778813277.371823 sending message 112 to peer 0x104c01df0 (12 bytes)
1778813277.371824 sending message 112 to peer 0x104c01df0 (10 bytes)
1778813277.371826 sending message 112 to peer 0x104c01df0 (10 bytes)
1778813277.371828 sending message 112 to peer 0x104c01df0 (10 bytes)
1778813277.371830 sending message 112 to peer 0x104c01df0 (12 bytes)
1778813277.371832 sending message 112 to peer 0x104c01df0 (13 bytes)
1778813277.371834 sending message 112 to peer 0x104c01df0 (13 bytes)
1778813277.371835 sending message 112 to peer 0x104c01df0 (13 bytes)
1778813277.371837 sending message 112 to peer 0x104c01df0 (13 bytes)
1778813277.371839 sending message 112 to peer 0x104c01df0 (13 bytes)
1778813277.371841 sending message 112 to peer 0x104c01df0 (11 bytes)
1778813277.371843 sending message 112 to peer 0x104c01df0 (11 bytes)
1778813277.371844 sending message 112 to peer 0x104c01df0 (12 bytes)
1778813277.371846 sending message 112 to peer 0x104c01df0 (12 bytes)
1778813277.371848 sending message 112 to peer 0x104c01df0 (12 bytes)
1778813277.371850 sending message 112 to peer 0x104c01df0 (12 bytes)
1778813277.371852 sending message 112 to peer 0x104c01df0 (12 bytes)
1778813277.371853 sending message 112 to peer 0x104c01df0 (11 bytes)
1778813277.371855 sending message 112 to peer 0x104c01df0 (12 bytes)
1778813277.371857 sending message 112 to peer 0x104c01df0 (12 bytes)
1778813277.371859 sending message 112 to peer 0x104c01df0 (13 bytes)
1778813277.371861 sending message 112 to peer 0x104c01df0 (13 bytes)
1778813277.371862 sending message 112 to peer 0x104c01df0 (13 bytes)
1778813277.371864 sending message 112 to peer 0x104c01df0 (13 bytes)
1778813277.371866 sending message 112 to peer 0x104c01df0 (13 bytes)
1778813277.371868 sending message 112 to peer 0x104c01df0 (10 bytes)
1778813277.371870 sending message 112 to peer 0x104c01df0 (9 bytes)
1778813277.371871 sending message 112 to peer 0x104c01df0 (12 bytes)
1778813277.371873 sending message 112 to peer 0x104c01df0 (13 bytes)
1778813277.371875 sending message 112 to peer 0x104c01df0 (13 bytes)
1778813277.371877 sending message 112 to peer 0x104c01df0 (13 bytes)
1778813277.371879 sending message 112 to peer 0x104c01df0 (13 bytes)
1778813277.371881 sending message 112 to peer 0x104c01df0 (13 bytes)
1778813277.371882 sending message 112 to peer 0x104c01df0 (9 bytes)
1778813277.371884 sending message 112 to peer 0x104c01df0 (12 bytes)
1778813277.371886 sending message 112 to peer 0x104c01df0 (13 bytes)
1778813277.371888 sending message 112 to peer 0x104c01df0 (13 bytes)
1778813277.371890 sending message 112 to peer 0x104c01df0 (13 bytes)
1778813277.371892 sending message 112 to peer 0x104c01df0 (13 bytes)
1778813277.371896 sending message 112 to peer 0x104c01df0 (13 bytes)
1778813277.371898 sending message 112 to peer 0x104c01df0 (11 bytes)
1778813277.371900 sending message 112 to peer 0x104c01df0 (12 bytes)
1778813277.371902 sending message 112 to peer 0x104c01df0 (13 bytes)
1778813277.371904 sending message 112 to peer 0x104c01df0 (13 bytes)
1778813277.371905 sending message 112 to peer 0x104c01df0 (13 bytes)
1778813277.371907 sending message 112 to peer 0x104c01df0 (13 bytes)
1778813277.371909 sending message 112 to peer 0x104c01df0 (13 bytes)
1778813277.371911 sending message 112 to peer 0x104c01df0 (11 bytes)
1778813277.371913 sending message 112 to peer 0x104c01df0 (12 bytes)
1778813277.371915 sending message 112 to peer 0x104c01df0 (12 bytes)
1778813277.371916 sending message 112 to peer 0x104c01df0 (12 bytes)
1778813277.371918 sending message 112 to peer 0x104c01df0 (12 bytes)
1778813277.371920 sending message 112 to peer 0x104c01df0 (12 bytes)
1778813277.371922 sending message 112 to peer 0x104c01df0 (21 bytes)
1778813277.371924 sending message 112 to peer 0x104c01df0 (12 bytes)
1778813277.371926 sending message 112 to peer 0x104c01df0 (9 bytes)
1778813277.371927 sending message 112 to peer 0x104c01df0 (6 bytes)
1778813277.371929 sending message 112 to peer 0x104c01df0 (13 bytes)
1778813277.371931 sending message 112 to peer 0x104c01df0 (8 bytes)
1778813277.371933 sending message 112 to peer 0x104c01df0 (15 bytes)
1778813277.371935 sending message 112 to peer 0x104c01df0 (13 bytes)
1778813277.371936 sending message 112 to peer 0x104c01df0 (9 bytes)
1778813277.371938 sending message 112 to peer 0x104c01df0 (70 bytes)
1778813277.371940 sending message 112 to peer 0x104c01df0 (69 bytes)
1778813277.371942 sending message 112 to peer 0x104c01df0 (10 bytes)
1778813277.371944 sending message 112 to peer 0x104c01df0 (10 bytes)
1778813277.371946 sending message 112 to peer 0x104c01df0 (8 bytes)
1778813277.371947 sending message 112 to peer 0x104c01df0 (15 bytes)
1778813277.371949 sending message 112 to peer 0x104c01df0 (13 bytes)
1778813277.371951 sending message 112 to peer 0x104c01df0 (10 bytes)
1778813277.371953 sending message 112 to peer 0x104c01df0 (10 bytes)
1778813277.371955 sending message 112 to peer 0x104c01df0 (17 bytes)
1778813277.371956 sending message 112 to peer 0x104c01df0 (10 bytes)
1778813277.371958 sending message 112 to peer 0x104c01df0 (13 bytes)
1778813277.371960 sending message 112 to peer 0x104c01df0 (9 bytes)
1778813277.371962 sending message 112 to peer 0x104c01df0 (5 bytes)
1778813277.371964 sending message 112 to peer 0x104c01df0 (15 bytes)
1778813277.371966 sending message 104 to peer 0x104c01df0 (0 bytes)
1778813277.371969 sending message 110 to peer 0x104c01df0 (0 bytes)
1778813277.371970 sending message 107 to peer 0x104c01df0 (4 bytes)
1778813277.371972 sending message 105 to peer 0x104c01df0 (50 bytes)
1778813277.371974 sending message 105 to peer 0x104c01df0 (47 bytes)
1778813277.371976 sending message 105 to peer 0x104c01df0 (14 bytes)
1778813277.371978 sending message 105 to peer 0x104c01df0 (23 bytes)
1778813277.371980 sending message 105 to peer 0x104c01df0 (27 bytes)
1778813277.371982 sending message 105 to peer 0x104c01df0 (36 bytes)
1778813277.371984 sending message 105 to peer 0x104c01df0 (20 bytes)
1778813277.371985 sending message 105 to peer 0x104c01df0 (22 bytes)
1778813277.371987 sending message 105 to peer 0x104c01df0 (12 bytes)
1778813277.371989 sending message 105 to peer 0x104c01df0 (179 bytes)
1778813277.371991 sending message 105 to peer 0x104c01df0 (83 bytes)
1778813277.371993 sending message 105 to peer 0x104c01df0 (84 bytes)
1778813277.371995 sending message 105 to peer 0x104c01df0 (102 bytes)
1778813277.371997 sending message 105 to peer 0x104c01df0 (57 bytes)
1778813277.371999 sending message 105 to peer 0x104c01df0 (75 bytes)
1778813277.372001 sending message 105 to peer 0x104c01df0 (34 bytes)
1778813277.372002 sending message 105 to peer 0x104c01df0 (24 bytes)
1778813277.372004 sending message 105 to peer 0x104c01df0 (37 bytes)
1778813277.372010 sending message 105 to peer 0x104c01df0 (30 bytes)
1778813277.372012 sending message 105 to peer 0x104c01df0 (34 bytes)
1778813277.372014 sending message 105 to peer 0x104c01df0 (60 bytes)
1778813277.372016 sending message 105 to peer 0x104c01df0 (17 bytes)
1778813277.372018 sending message 105 to peer 0x104c01df0 (20 bytes)
1778813277.372020 sending message 105 to peer 0x104c01df0 (20 bytes)
1778813277.372021 sending message 105 to peer 0x104c01df0 (158 bytes)
1778813277.372023 sending message 105 to peer 0x104c01df0 (40 bytes)
1778813277.372025 sending message 105 to peer 0x104c01df0 (18 bytes)
1778813277.372027 sending message 105 to peer 0x104c01df0 (1294 bytes)
1778813277.372029 sending message 105 to peer 0x104c01df0 (38 bytes)
1778813277.372031 sending message 105 to peer 0x104c01df0 (37 bytes)
1778813277.372033 sending message 105 to peer 0x104c01df0 (37 bytes)
1778813277.372035 sending message 105 to peer 0x104c01df0 (15 bytes)
1778813277.372036 sending message 105 to peer 0x104c01df0 (8 bytes)
1778813277.372038 sending message 105 to peer 0x104c01df0 (66 bytes)
1778813277.372040 sending message 105 to peer 0x104c01df0 (34 bytes)
1778813277.372044 sending message 105 to peer 0x104c01df0 (38 bytes)
1778813277.372046 sending message 105 to peer 0x104c01df0 (19 bytes)
1778813277.372048 sending message 105 to peer 0x104c01df0 (14 bytes)
1778813277.372050 sending message 105 to peer 0x104c01df0 (15 bytes)
1778813277.372052 sending message 105 to peer 0x104c01df0 (16 bytes)
1778813277.372054 sending message 105 to peer 0x104c01df0 (18 bytes)
1778813277.372056 sending message 105 to peer 0x104c01df0 (16 bytes)
1778813277.372057 sending message 105 to peer 0x104c01df0 (14 bytes)
1778813277.372059 sending message 105 to peer 0x104c01df0 (20 bytes)
1778813277.372061 sending message 105 to peer 0x104c01df0 (17 bytes)
1778813277.372063 sending message 105 to peer 0x104c01df0 (19 bytes)
1778813277.372065 sending message 105 to peer 0x104c01df0 (19 bytes)
1778813277.372067 sending message 105 to peer 0x104c01df0 (20 bytes)
1778813277.372068 sending message 105 to peer 0x104c01df0 (19 bytes)
1778813277.372070 sending message 105 to peer 0x104c01df0 (63 bytes)
1778813277.372072 sending message 105 to peer 0x104c01df0 (18 bytes)
1778813277.372074 sending message 105 to peer 0x104c01df0 (26 bytes)
1778813277.372076 sending message 105 to peer 0x104c01df0 (57 bytes)
1778813277.372078 sending message 105 to peer 0x104c01df0 (43 bytes)
1778813277.372080 sending message 105 to peer 0x104c01df0 (14 bytes)
1778813277.372081 sending message 105 to peer 0x104c01df0 (66 bytes)
1778813277.372083 sending message 105 to peer 0x104c01df0 (14 bytes)
1778813277.372085 sending message 105 to peer 0x104c01df0 (15 bytes)
1778813277.372087 sending message 105 to peer 0x104c01df0 (16 bytes)
1778813277.372089 sending message 105 to peer 0x104c01df0 (18 bytes)
1778813277.372090 sending message 105 to peer 0x104c01df0 (16 bytes)
1778813277.372092 sending message 105 to peer 0x104c01df0 (14 bytes)
1778813277.372094 sending message 105 to peer 0x104c01df0 (20 bytes)
1778813277.372096 sending message 105 to peer 0x104c01df0 (17 bytes)
1778813277.372098 sending message 105 to peer 0x104c01df0 (19 bytes)
1778813277.372100 sending message 105 to peer 0x104c01df0 (19 bytes)
1778813277.372102 sending message 105 to peer 0x104c01df0 (20 bytes)
1778813277.372103 sending message 105 to peer 0x104c01df0 (13 bytes)
1778813277.372105 sending message 105 to peer 0x104c01df0 (14 bytes)
1778813277.372107 sending message 105 to peer 0x104c01df0 (15 bytes)
1778813277.372109 sending message 105 to peer 0x104c01df0 (17 bytes)
1778813277.372111 sending message 105 to peer 0x104c01df0 (15 bytes)
1778813277.372112 sending message 105 to peer 0x104c01df0 (13 bytes)
1778813277.372114 sending message 105 to peer 0x104c01df0 (19 bytes)
1778813277.372116 sending message 105 to peer 0x104c01df0 (16 bytes)
1778813277.372118 sending message 105 to peer 0x104c01df0 (18 bytes)
1778813277.372120 sending message 105 to peer 0x104c01df0 (18 bytes)
1778813277.372122 sending message 105 to peer 0x104c01df0 (19 bytes)
1778813277.372126 sending message 105 to peer 0x104c01df0 (17 bytes)
1778813277.372128 sending message 105 to peer 0x104c01df0 (12 bytes)
1778813277.372130 sending message 105 to peer 0x104c01df0 (98 bytes)
1778813277.372132 sending message 105 to peer 0x104c01df0 (14 bytes)
1778813277.372133 sending message 105 to peer 0x104c01df0 (19 bytes)
1778813277.372136 sending message 105 to peer 0x104c01df0 (43 bytes)
1778813277.372138 sending message 105 to peer 0x104c01df0 (32 bytes)
1778813277.372140 sending message 105 to peer 0x104c01df0 (25 bytes)
1778813277.372142 sending message 106 to peer 0x104c01df0 (0 bytes)
1778813277.372180 sending message 200 to peer 0x104c01df0 (4 bytes)
1778813277.372183 client loop enter
1778813277.372289 peer 0x104c01df0 message 303
1778813277.372298 open write file 2 -
1778813277.372307 sending message 305 to peer 0x104c01df0 (8 bytes)
1778813277.372316 write check file 2
1778813277.372345 peer 0x104c01df0 message 304
1778813277.372349 write 58 to file 2
1778813277.372351 peer 0x104c01df0 message 203
1778813277.372354 file 2 58 bytes left
1778813277.372360 write check file 2
1778813277.372363 client loop exit
